// Jest Snapshot v1, https://goo.gl/fbAQLP

exports[`Pruebas en el EntryView Debe de mostrar la entrada correctamente 1`] = `
<div class="entry-title d-flex justify-content-between p-2">
  <div><span class="text-success fs-3 fw-bold">11</span><span class="mx-1 fs-3">Septiembre</span><span class="mx-2 fs-4 fw-light">2021, Sábado</span></div>
  <div><input type="file" accept="image/png, image/jpeg" style="display: none;"><button class="btn btn-danger mx-2"> Borrar <i class="fa fa-trash-alt"></i></button><button class="btn btn-primary "> Subir foto <i class="fa fa-upload"></i></button></div>
</div>
<hr>
<div class="d-flex flex-column px-3 h-75"><textarea placeholder="¿Que sucedió hoy?"></textarea></div><img src="https://res.cloudinary.com/di3qzyeke/image/upload/v1631340833/q0yw6icrapvwcbw8kgxx.jpg" class="img-thumbnail" width="500" height="450" alt="entry pictture">
<!--v-if-->
<fab-stub icon="fa-save"></fab-stub>
`;
