// Jest Snapshot v1, https://goo.gl/fbAQLP

exports[`Pruebas en el Entry component Debe de hacer match con el snapshot 1`] = `
<div class="entry-container mb-3 pointer p-2">
  <!-- title -->
  <div class="entry-title d-flex"><span class="text-success fs-5 fw-bold">11</span><span class="mx-1 fs-5 fw-light">Septiembre</span><span class="mx-2 fw-light">2021, SÃ¡bado</span></div>
  <div class="entry-description">Texto de prueba</div>
</div>
`;
