// Jest Snapshot v1, https://goo.gl/fbAQLP

exports[`Pokemon Page component Debe de hacer match con el snapshot 1`] = `
<div>
  <h1>Espere por favor</h1>
  <!--v-if-->
</div>
`;
